// Jest Snapshot v1, https://goo.gl/fbAQLP

exports[`Pruebas en <HookApp /> debe de reenderizar el hola mundo  1`] = `
<div>
  <h1>
    Hola mundo
  </h1>
</div>
`;
